// Jest Snapshot v1, https://goo.gl/fbAQLP

exports[`Should correctly render expenses summary with 1 expense 1`] = `
<div>
  <h1>
    Viewing 
    1
     
    expenses
     totalling 
    $201.20
  </h1>
</div>
`;

exports[`Should correctly render expenses summary with multiple expenses 1`] = `
<div>
  <h1>
    Viewing 
    23
     
    expenses
     totalling 
    $201.20
  </h1>
</div>
`;
